PASS native/EEL: receiver_namespace_members
PASS native/EEL: receiver_heap_reads
PASS native/EEL: receiver_cells
PASS native/EEL: eel_loop_budgets
PASS native/EEL: eel_boolean_threshold
PASS native/EEL: qualified_function_declarations
PASS native/EEL: zero_parameter_overload
PASS native/EEL: overloaded_function_binding
PASS native/EEL: empty_conditional_in_while
PASS native/EEL: redefined_function_binding
PASS native/EEL: eel_operator_precedence
PASS native/EEL: eel_literals_and_declarations
PASS native/EEL: sqrt_absolute_input
PASS native/EEL: instance_children
PASS native/EEL: relative_this
PASS native/EEL: persistent_locals
PASS native/EEL: nested_prefix
PASS native/EEL: parameter_shadows_instance
PASS native/EEL: division_store_recovery
PASS native/EEL: memory_store_recovery
PASS native/EEL: subnormal_store
PASS native/EEL: assignment_results
PASS native/EEL: independent_delay_buffers
