/usr/bin/ld: CMakeFiles/sample_editor_check.dir/workspace/scratch/286141ad5a40/repo-checkout/libs/JUCE/modules/juce_graphics/juce_graphics.cpp.o: in function `juce::getPathDrawFuncs()':
juce_graphics.cpp:(.text+0x9a12a): undefined reference to `hb_draw_funcs_create'
/usr/bin/ld: juce_graphics.cpp:(.text+0x9a171): undefined reference to `hb_draw_funcs_set_move_to_func'
/usr/bin/ld: juce_graphics.cpp:(.text+0x9a1a1): undefined reference to `hb_draw_funcs_set_line_to_func'
/usr/bin/ld: juce_graphics.cpp:(.text+0x9a1d1): undefined reference to `hb_draw_funcs_set_quadratic_to_func'
/usr/bin/ld: juce_graphics.cpp:(.text+0x9a201): undefined reference to `hb_draw_funcs_set_cubic_to_func'
/usr/bin/ld: juce_graphics.cpp:(.text+0x9a231): undefined reference to `hb_draw_funcs_set_close_path_func'
/usr/bin/ld: CMakeFiles/sample_editor_check.dir/workspace/scratch/286141ad5a40/repo-checkout/libs/JUCE/modules/juce_graphics/juce_graphics.cpp.o: in function `juce::getGlyphPathInGlyphUnits(unsigned int, hb_font_t*)':
juce_graphics.cpp:(.text+0x9a352): undefined reference to `hb_font_draw_glyph'
/usr/bin/ld: CMakeFiles/sample_editor_check.dir/workspace/scratch/286141ad5a40/repo-checkout/libs/JUCE/modules/juce_graphics/juce_graphics.cpp.o: in function `juce::Typeface::getOutlineForGlyph(juce::TypefaceMetricsKind, int, juce::Path&) const':
juce_graphics.cpp:(.text+0x9a47d): undefined reference to `hb_font_get_face'
/usr/bin/ld: juce_graphics.cpp:(.text+0x9a485): undefined reference to `hb_face_get_upem'
/usr/bin/ld: CMakeFiles/sample_editor_check.dir/workspace/scratch/286141ad5a40/repo-checkout/libs/JUCE/modules/juce_graphics/juce_graphics.cpp.o: in function `juce::Typeface::getGlyphBounds(juce::TypefaceMetricsKind, int) const':
juce_graphics.cpp:(.text+0x9a689): undefined reference to `hb_font_get_face'
/usr/bin/ld: juce_graphics.cpp:(.text+0x9a691): undefined reference to `hb_face_get_upem'
/usr/bin/ld: CMakeFiles/sample_editor_check.dir/workspace/scratch/286141ad5a40/repo-checkout/libs/JUCE/modules/juce_graphics/juce_graphics.cpp.o: in function `juce::getCOLRv0Layers(juce::Typeface const&, int, juce::AffineTransform const&)::{lambda()#1}::operator()() const':
juce_graphics.cpp:(.text+0x9aad4): undefined reference to `hb_ot_color_palette_get_colors'
/usr/bin/ld: CMakeFiles/sample_editor_check.dir/workspace/scratch/286141ad5a40/repo-checkout/libs/JUCE/modules/juce_graphics/juce_graphics.cpp.o: in function `juce::getCOLRv0Layers(juce::Typeface const&, int, juce::AffineTransform const&)':
juce_graphics.cpp:(.text+0x9ab64): undefined reference to `hb_font_get_face'
/usr/bin/ld: juce_graphics.cpp:(.text+0x9ab9a): undefined reference to `hb_ot_color_glyph_get_layers'
/usr/bin/ld: juce_graphics.cpp:(.text+0x9ac1a): undefined reference to `hb_ot_color_glyph_get_layers'
/usr/bin/ld: CMakeFiles/sample_editor_check.dir/workspace/scratch/286141ad5a40/repo-checkout/libs/JUCE/modules/juce_graphics/juce_graphics.cpp.o: in function `juce::getBitmapLayer(juce::Typeface const&, int, juce::AffineTransform const&)':
juce_graphics.cpp:(.text+0x9b1b3): undefined reference to `hb_ot_color_glyph_reference_png'
/usr/bin/ld: juce_graphics.cpp:(.text+0x9b1fb): undefined reference to `hb_blob_get_data'
/usr/bin/ld: CMakeFiles/sample_editor_check.dir/workspace/scratch/286141ad5a40/repo-checkout/libs/JUCE/modules/juce_graphics/juce_graphics.cpp.o: in function `juce::Typeface::getLayersForGlyph(juce::TypefaceMetricsKind, int, juce::AffineTransform const&) const':
juce_graphics.cpp:(.text+0x9b6d4): undefined reference to `hb_font_get_face'
/usr/bin/ld: juce_graphics.cpp:(.text+0x9b6dc): undefined reference to `hb_face_get_upem'
/usr/bin/ld: CMakeFiles/sample_editor_check.dir/workspace/scratch/286141ad5a40/repo-checkout/libs/JUCE/modules/juce_graphics/juce_graphics.cpp.o: in function `juce::Typeface::getColourGlyphFormats() const':
juce_graphics.cpp:(.text+0x9bc84): undefined reference to `hb_font_get_face'
/usr/bin/ld: juce_graphics.cpp:(.text+0x9bc94): undefined reference to `hb_ot_color_has_png'
/usr/bin/ld: juce_graphics.cpp:(.text+0x9bcb0): undefined reference to `hb_ot_color_has_svg'
/usr/bin/ld: juce_graphics.cpp:(.text+0x9bcce): undefined reference to `hb_ot_color_has_layers'
/usr/bin/ld: juce_graphics.cpp:(.text+0x9bcec): undefined reference to `hb_ot_color_has_paint'
/usr/bin/ld: CMakeFiles/sample_editor_check.dir/workspace/scratch/286141ad5a40/repo-checkout/libs/JUCE/modules/juce_graphics/juce_graphics.cpp.o: in function `juce::Typeface::getNominalGlyphForCodepoint(wchar_t) const':
juce_graphics.cpp:(.text+0x9be70): undefined reference to `hb_font_get_nominal_glyph'
/usr/bin/ld: CMakeFiles/sample_editor_check.dir/workspace/scratch/286141ad5a40/repo-checkout/libs/JUCE/modules/juce_graphics/juce_graphics.cpp.o: in function `juce::Typeface::getSupportedFeatures() const':
juce_graphics.cpp:(.text+0x9c071): undefined reference to `hb_font_get_face'
/usr/bin/ld: juce_graphics.cpp:(.text+0x9c0c3): undefined reference to `hb_ot_layout_table_get_feature_tags'
/usr/bin/ld: juce_graphics.cpp:(.text+0x9c14c): undefined reference to `hb_ot_layout_table_get_feature_tags'
/usr/bin/ld: CMakeFiles/sample_editor_check.dir/workspace/scratch/286141ad5a40/repo-checkout/libs/JUCE/modules/juce_graphics/juce_graphics.cpp.o: in function `juce::isFontSuitableForCodepoint(juce::Font const&, wchar_t)':
juce_graphics.cpp:(.text+0x9fcf9): undefined reference to `hb_font_get_nominal_glyph'
/usr/bin/ld: CMakeFiles/sample_editor_check.dir/workspace/scratch/286141ad5a40/repo-checkout/libs/JUCE/modules/juce_graphics/juce_graphics.cpp.o: in function `juce::detail::lowLevelShape(juce::detail::SanitisedString const&, juce::Range<long long>, juce::Font const&, juce::TextScript, unsigned char)::{lambda()#1}::operator()() const':
juce_graphics.cpp:(.text+0xa0ee1): undefined reference to `hb_buffer_get_glyph_positions'
/usr/bin/ld: juce_graphics.cpp:(.text+0xa0f19): undefined reference to `hb_buffer_get_glyph_infos'
/usr/bin/ld: CMakeFiles/sample_editor_check.dir/workspace/scratch/286141ad5a40/repo-checkout/libs/JUCE/modules/juce_graphics/juce_graphics.cpp.o: in function `juce::detail::lowLevelShape(juce::detail::SanitisedString const&, juce::Range<long long>, juce::Font const&, juce::TextScript, unsigned char)':
juce_graphics.cpp:(.text+0xa113e): undefined reference to `hb_buffer_create'
/usr/bin/ld: juce_graphics.cpp:(.text+0xa116f): undefined reference to `hb_buffer_clear_contents'
/usr/bin/ld: juce_graphics.cpp:(.text+0xa118b): undefined reference to `hb_buffer_set_cluster_level'
/usr/bin/ld: juce_graphics.cpp:(.text+0xa11b3): undefined reference to `hb_buffer_set_script'
/usr/bin/ld: juce_graphics.cpp:(.text+0xa11cf): undefined reference to `hb_language_from_string'
/usr/bin/ld: juce_graphics.cpp:(.text+0xa11ec): undefined reference to `hb_buffer_set_language'
/usr/bin/ld: juce_graphics.cpp:(.text+0xa121f): undefined reference to `hb_buffer_set_direction'
/usr/bin/ld: juce_graphics.cpp:(.text+0xa1273): undefined reference to `hb_buffer_add_utf32'
/usr/bin/ld: juce_graphics.cpp:(.text+0xa1369): undefined reference to `hb_buffer_add'
/usr/bin/ld: juce_graphics.cpp:(.text+0xa140e): undefined reference to `hb_buffer_add_utf32'
/usr/bin/ld: juce_graphics.cpp:(.text+0xa1425): undefined reference to `hb_buffer_guess_segment_properties'
/usr/bin/ld: juce_graphics.cpp:(.text+0xa1587): undefined reference to `hb_shape'
/usr/bin/ld: juce_graphics.cpp:(.text+0xa15e2): undefined reference to `hb_buffer_get_not_found_glyph'
/usr/bin/ld: CMakeFiles/sample_editor_check.dir/workspace/scratch/286141ad5a40/repo-checkout/libs/JUCE/modules/juce_graphics/juce_graphics.cpp.o: in function `float juce::doSimpleShapeWithNoBreaks<juce::doSimpleShape<juce::Typeface::getStringWidth(juce::TypefaceMetricsKind, juce::String const&, float, float)::{lambda(auto:1, auto:2)#1}>(juce::Typeface const&, juce::TypefaceMetricsKind, juce::String const&, float, float, juce::Typeface::getStringWidth(juce::TypefaceMetricsKind, juce::String const&, float, float)::{lambda(auto:1, auto:2)#1}&&)::{lambda(auto:1, auto:2)#1}>(juce::Typeface const&, juce::TypefaceMetricsKind, juce::String const&, float, float, juce::Typeface::getStringWidth(juce::TypefaceMetricsKind, juce::String const&, float, float)::{lambda(auto:1, auto:2)#1}&&)':
juce_graphics.cpp:(.text+0xb7e9d): undefined reference to `hb_buffer_create'
/usr/bin/ld: juce_graphics.cpp:(.text+0xb7eed): undefined reference to `hb_buffer_add_utf8'
/usr/bin/ld: juce_graphics.cpp:(.text+0xb7f06): undefined reference to `hb_buffer_set_cluster_level'
/usr/bin/ld: juce_graphics.cpp:(.text+0xb7f1a): undefined reference to `hb_buffer_guess_segment_properties'
/usr/bin/ld: juce_graphics.cpp:(.text+0xb8060): undefined reference to `hb_shape'
/usr/bin/ld: juce_graphics.cpp:(.text+0xb8085): undefined reference to `hb_buffer_get_glyph_infos'
/usr/bin/ld: juce_graphics.cpp:(.text+0xb80a7): undefined reference to `hb_buffer_get_glyph_positions'
/usr/bin/ld: CMakeFiles/sample_editor_check.dir/workspace/scratch/286141ad5a40/repo-checkout/libs/JUCE/modules/juce_graphics/juce_graphics.cpp.o: in function `float juce::doSimpleShapeWithNoBreaks<juce::doSimpleShape<juce::Typeface::getGlyphPositions(juce::TypefaceMetricsKind, juce::String const&, juce::Array<int, juce::DummyCriticalSection, 0>&, juce::Array<float, juce::DummyCriticalSection, 0>&, float, float)::{lambda(auto:1, auto:2)#1}>(juce::Typeface const&, juce::TypefaceMetricsKind, juce::String const&, float, float, juce::Typeface::getGlyphPositions(juce::TypefaceMetricsKind, juce::String const&, juce::Array<int, juce::DummyCriticalSection, 0>&, juce::Array<float, juce::DummyCriticalSection, 0>&, float, float)::{lambda(auto:1, auto:2)#1}&&)::{lambda(auto:1, auto:2)#1}>(juce::Typeface const&, juce::TypefaceMetricsKind, juce::String const&, float, float, juce::Typeface::getGlyphPositions(juce::TypefaceMetricsKind, juce::String const&, juce::Array<int, juce::DummyCriticalSection, 0>&, juce::Array<float, juce::DummyCriticalSection, 0>&, float, float)::{lambda(auto:1, auto:2)#1}&&)':
juce_graphics.cpp:(.text+0xb8461): undefined reference to `hb_buffer_create'
/usr/bin/ld: juce_graphics.cpp:(.text+0xb84b1): undefined reference to `hb_buffer_add_utf8'
/usr/bin/ld: juce_graphics.cpp:(.text+0xb84ca): undefined reference to `hb_buffer_set_cluster_level'
/usr/bin/ld: juce_graphics.cpp:(.text+0xb84de): undefined reference to `hb_buffer_guess_segment_properties'
/usr/bin/ld: juce_graphics.cpp:(.text+0xb8624): undefined reference to `hb_shape'
/usr/bin/ld: juce_graphics.cpp:(.text+0xb8649): undefined reference to `hb_buffer_get_glyph_infos'
/usr/bin/ld: juce_graphics.cpp:(.text+0xb866b): undefined reference to `hb_buffer_get_glyph_positions'
/usr/bin/ld: CMakeFiles/sample_editor_check.dir/workspace/scratch/286141ad5a40/repo-checkout/libs/JUCE/modules/juce_graphics/juce_graphics.cpp.o: in function `juce::Typeface::Native::portable::{lambda()#1}::operator()() const':
juce_graphics.cpp:(.text._ZNK4juce8Typeface6Native8portableMUlvE_clEv[_ZNK4juce8Typeface6Native8portableMUlvE_clEv]+0x4c): undefined reference to `hb_font_get_h_extents'
/usr/bin/ld: juce_graphics.cpp:(.text._ZNK4juce8Typeface6Native8portableMUlvE_clEv[_ZNK4juce8Typeface6Native8portableMUlvE_clEv]+0xba): undefined reference to `hb_font_get_face'
/usr/bin/ld: juce_graphics.cpp:(.text._ZNK4juce8Typeface6Native8portableMUlvE_clEv[_ZNK4juce8Typeface6Native8portableMUlvE_clEv]+0xc2): undefined reference to `hb_face_get_upem'
/usr/bin/ld: CMakeFiles/sample_editor_check.dir/workspace/scratch/286141ad5a40/repo-checkout/libs/JUCE/modules/juce_graphics/juce_graphics.cpp.o: in function `juce::FontStyleHelpers::initSynthetics(hb_font_t*, juce::Font const&)':
juce_graphics.cpp:(.text._ZN4juce16FontStyleHelpers14initSyntheticsEP9hb_font_tRKNS_4FontE[_ZN4juce16FontStyleHelpers14initSyntheticsEP9hb_font_tRKNS_4FontE]+0xcf): undefined reference to `hb_font_set_synthetic_slant'
/usr/bin/ld: juce_graphics.cpp:(.text._ZN4juce16FontStyleHelpers14initSyntheticsEP9hb_font_tRKNS_4FontE[_ZN4juce16FontStyleHelpers14initSyntheticsEP9hb_font_tRKNS_4FontE]+0x102): undefined reference to `hb_font_set_synthetic_bold'
/usr/bin/ld: CMakeFiles/sample_editor_check.dir/workspace/scratch/286141ad5a40/repo-checkout/libs/JUCE/modules/juce_graphics/juce_graphics.cpp.o: in function `juce::FreeTypeTypeface::from(juce::Font const&)':
juce_graphics.cpp:(.text._ZN4juce16FreeTypeTypeface4fromERKNS_4FontE[_ZN4juce16FreeTypeTypeface4fromERKNS_4FontE]+0xad): undefined reference to `hb_ft_face_create_referenced'
/usr/bin/ld: juce_graphics.cpp:(.text._ZN4juce16FreeTypeTypeface4fromERKNS_4FontE[_ZN4juce16FreeTypeTypeface4fromERKNS_4FontE]+0xd8): undefined reference to `hb_font_create'
/usr/bin/ld: CMakeFiles/sample_editor_check.dir/workspace/scratch/286141ad5a40/repo-checkout/libs/JUCE/modules/juce_graphics/juce_graphics.cpp.o: in function `juce::FreeTypeTypeface::from(juce::Span<std::byte const, 18446744073709551615ul>, int)':
juce_graphics.cpp:(.text._ZN4juce16FreeTypeTypeface4fromENS_4SpanIKSt4byteLm18446744073709551615EEEi[_ZN4juce16FreeTypeTypeface4fromENS_4SpanIKSt4byteLm18446744073709551615EEEi]+0xb9): undefined reference to `hb_ft_face_create_referenced'
/usr/bin/ld: juce_graphics.cpp:(.text._ZN4juce16FreeTypeTypeface4fromENS_4SpanIKSt4byteLm18446744073709551615EEEi[_ZN4juce16FreeTypeTypeface4fromENS_4SpanIKSt4byteLm18446744073709551615EEEi]+0xe4): undefined reference to `hb_font_create'
/usr/bin/ld: CMakeFiles/sample_editor_check.dir/workspace/scratch/286141ad5a40/repo-checkout/libs/JUCE/modules/juce_graphics/juce_graphics.cpp.o: in function `juce::FreeTypeTypeface::fromPattern(_FcPattern*)::{lambda(juce::TypefaceFileAndIndex const&)#1}::operator()(juce::TypefaceFileAndIndex const&) const':
juce_graphics.cpp:(.text._ZZN4juce16FreeTypeTypeface11fromPatternEP10_FcPatternENKUlRKNS_20TypefaceFileAndIndexEE_clES5_[_ZZN4juce16FreeTypeTypeface11fromPatternEP10_FcPatternENKUlRKNS_20TypefaceFileAndIndexEE_clES5_]+0x8e): undefined reference to `hb_ft_face_create_referenced'
/usr/bin/ld: juce_graphics.cpp:(.text._ZZN4juce16FreeTypeTypeface11fromPatternEP10_FcPatternENKUlRKNS_20TypefaceFileAndIndexEE_clES5_[_ZZN4juce16FreeTypeTypeface11fromPatternEP10_FcPatternENKUlRKNS_20TypefaceFileAndIndexEE_clES5_]+0xb9): undefined reference to `hb_font_create'
/usr/bin/ld: CMakeFiles/sample_editor_check.dir/workspace/scratch/286141ad5a40/repo-checkout/libs/JUCE/modules/juce_graphics/juce_graphics.cpp.o: in function `auto juce::Typeface::Native::getFontAtPointSizeAndScale(float, float) const::{lambda(auto:1)#1}::operator()<std::tuple<float, float> >(std::tuple<float, float>) const':
juce_graphics.cpp:(.text._ZZNK4juce8Typeface6Native26getFontAtPointSizeAndScaleEffENKUlT_E_clISt5tupleIJffEEEEDaS2_[_ZZNK4juce8Typeface6Native26getFontAtPointSizeAndScaleEffENKUlT_E_clISt5tupleIJffEEEEDaS2_]+0x68): undefined reference to `hb_font_create_sub_font'
/usr/bin/ld: juce_graphics.cpp:(.text._ZZNK4juce8Typeface6Native26getFontAtPointSizeAndScaleEffENKUlT_E_clISt5tupleIJffEEEEDaS2_[_ZZNK4juce8Typeface6Native26getFontAtPointSizeAndScaleEffENKUlT_E_clISt5tupleIJffEEEEDaS2_]+0x9d): undefined reference to `hb_font_set_ptem'
/usr/bin/ld: juce_graphics.cpp:(.text._ZZNK4juce8Typeface6Native26getFontAtPointSizeAndScaleEffENKUlT_E_clISt5tupleIJffEEEEDaS2_[_ZZNK4juce8Typeface6Native26getFontAtPointSizeAndScaleEffENKUlT_E_clISt5tupleIJffEEEEDaS2_]+0xeb): undefined reference to `hb_font_set_scale'
/usr/bin/ld: CMakeFiles/sample_editor_check.dir/workspace/scratch/286141ad5a40/repo-checkout/libs/JUCE/modules/juce_graphics/juce_graphics.cpp.o: in function `juce::HbPtr<hb_font_t, &hb_font_reference, &hb_font_destroy>::decRefIfNotNull()':
juce_graphics.cpp:(.text._ZN4juce5HbPtrI9hb_font_tXadL_Z17hb_font_referenceEEXadL_Z15hb_font_destroyEEE15decRefIfNotNullEv[_ZN4juce5HbPtrI9hb_font_tXadL_Z17hb_font_referenceEEXadL_Z15hb_font_destroyEEE15decRefIfNotNullEv]+0x27): undefined reference to `hb_font_destroy'
/usr/bin/ld: CMakeFiles/sample_editor_check.dir/workspace/scratch/286141ad5a40/repo-checkout/libs/JUCE/modules/juce_graphics/juce_graphics.cpp.o: in function `std::optional<hb_glyph_extents_t> juce::Typeface::Native::getGlyphExtents(unsigned int) const::{lambda(auto:1)#1}::operator()<unsigned int>(unsigned int) const':
juce_graphics.cpp:(.text._ZZNK4juce8Typeface6Native15getGlyphExtentsEjENKUlT_E_clIjEESt8optionalI18hb_glyph_extents_tES2_[_ZZNK4juce8Typeface6Native15getGlyphExtentsEjENKUlT_E_clIjEESt8optionalI18hb_glyph_extents_tES2_]+0x55): undefined reference to `hb_font_get_glyph_extents'
/usr/bin/ld: CMakeFiles/sample_editor_check.dir/workspace/scratch/286141ad5a40/repo-checkout/libs/JUCE/modules/juce_graphics/juce_graphics.cpp.o: in function `juce::HbPtr<hb_blob_t, &hb_blob_reference, &hb_blob_destroy>::incRefIfNotNull()':
juce_graphics.cpp:(.text._ZN4juce5HbPtrI9hb_blob_tXadL_Z17hb_blob_referenceEEXadL_Z15hb_blob_destroyEEE15incRefIfNotNullEv[_ZN4juce5HbPtrI9hb_blob_tXadL_Z17hb_blob_referenceEEXadL_Z15hb_blob_destroyEEE15incRefIfNotNullEv]+0x27): undefined reference to `hb_blob_reference'
/usr/bin/ld: CMakeFiles/sample_editor_check.dir/workspace/scratch/286141ad5a40/repo-checkout/libs/JUCE/modules/juce_graphics/juce_graphics.cpp.o: in function `juce::HbPtr<hb_blob_t, &hb_blob_reference, &hb_blob_destroy>::decRefIfNotNull()':
juce_graphics.cpp:(.text._ZN4juce5HbPtrI9hb_blob_tXadL_Z17hb_blob_referenceEEXadL_Z15hb_blob_destroyEEE15decRefIfNotNullEv[_ZN4juce5HbPtrI9hb_blob_tXadL_Z17hb_blob_referenceEEXadL_Z15hb_blob_destroyEEE15decRefIfNotNullEv]+0x27): undefined reference to `hb_blob_destroy'
/usr/bin/ld: CMakeFiles/sample_editor_check.dir/workspace/scratch/286141ad5a40/repo-checkout/libs/JUCE/modules/juce_graphics/juce_graphics.cpp.o: in function `juce::HbPtr<hb_face_t, &hb_face_reference, &hb_face_destroy>::incRefIfNotNull()':
juce_graphics.cpp:(.text._ZN4juce5HbPtrI9hb_face_tXadL_Z17hb_face_referenceEEXadL_Z15hb_face_destroyEEE15incRefIfNotNullEv[_ZN4juce5HbPtrI9hb_face_tXadL_Z17hb_face_referenceEEXadL_Z15hb_face_destroyEEE15incRefIfNotNullEv]+0x27): undefined reference to `hb_face_reference'
/usr/bin/ld: CMakeFiles/sample_editor_check.dir/workspace/scratch/286141ad5a40/repo-checkout/libs/JUCE/modules/juce_graphics/juce_graphics.cpp.o: in function `juce::HbPtr<hb_face_t, &hb_face_reference, &hb_face_destroy>::decRefIfNotNull()':
juce_graphics.cpp:(.text._ZN4juce5HbPtrI9hb_face_tXadL_Z17hb_face_referenceEEXadL_Z15hb_face_destroyEEE15decRefIfNotNullEv[_ZN4juce5HbPtrI9hb_face_tXadL_Z17hb_face_referenceEEXadL_Z15hb_face_destroyEEE15decRefIfNotNullEv]+0x27): undefined reference to `hb_face_destroy'
/usr/bin/ld: CMakeFiles/sample_editor_check.dir/workspace/scratch/286141ad5a40/repo-checkout/libs/JUCE/modules/juce_graphics/juce_graphics.cpp.o: in function `juce::HbPtr<hb_draw_funcs_t, &hb_draw_funcs_reference, &hb_draw_funcs_destroy>::incRefIfNotNull()':
juce_graphics.cpp:(.text._ZN4juce5HbPtrI15hb_draw_funcs_tXadL_Z23hb_draw_funcs_referenceEEXadL_Z21hb_draw_funcs_destroyEEE15incRefIfNotNullEv[_ZN4juce5HbPtrI15hb_draw_funcs_tXadL_Z23hb_draw_funcs_referenceEEXadL_Z21hb_draw_funcs_destroyEEE15incRefIfNotNullEv]+0x27): undefined reference to `hb_draw_funcs_reference'
/usr/bin/ld: CMakeFiles/sample_editor_check.dir/workspace/scratch/286141ad5a40/repo-checkout/libs/JUCE/modules/juce_graphics/juce_graphics.cpp.o: in function `juce::HbPtr<hb_draw_funcs_t, &hb_draw_funcs_reference, &hb_draw_funcs_destroy>::decRefIfNotNull()':
juce_graphics.cpp:(.text._ZN4juce5HbPtrI15hb_draw_funcs_tXadL_Z23hb_draw_funcs_referenceEEXadL_Z21hb_draw_funcs_destroyEEE15decRefIfNotNullEv[_ZN4juce5HbPtrI15hb_draw_funcs_tXadL_Z23hb_draw_funcs_referenceEEXadL_Z21hb_draw_funcs_destroyEEE15decRefIfNotNullEv]+0x27): undefined reference to `hb_draw_funcs_destroy'
/usr/bin/ld: CMakeFiles/sample_editor_check.dir/workspace/scratch/286141ad5a40/repo-checkout/libs/JUCE/modules/juce_graphics/juce_graphics.cpp.o: in function `juce::HbPtr<hb_buffer_t, &hb_buffer_reference, &hb_buffer_destroy>::incRefIfNotNull()':
juce_graphics.cpp:(.text._ZN4juce5HbPtrI11hb_buffer_tXadL_Z19hb_buffer_referenceEEXadL_Z17hb_buffer_destroyEEE15incRefIfNotNullEv[_ZN4juce5HbPtrI11hb_buffer_tXadL_Z19hb_buffer_referenceEEXadL_Z17hb_buffer_destroyEEE15incRefIfNotNullEv]+0x27): undefined reference to `hb_buffer_reference'
/usr/bin/ld: CMakeFiles/sample_editor_check.dir/workspace/scratch/286141ad5a40/repo-checkout/libs/JUCE/modules/juce_graphics/juce_graphics.cpp.o: in function `juce::HbPtr<hb_buffer_t, &hb_buffer_reference, &hb_buffer_destroy>::decRefIfNotNull()':
juce_graphics.cpp:(.text._ZN4juce5HbPtrI11hb_buffer_tXadL_Z19hb_buffer_referenceEEXadL_Z17hb_buffer_destroyEEE15decRefIfNotNullEv[_ZN4juce5HbPtrI11hb_buffer_tXadL_Z19hb_buffer_referenceEEXadL_Z17hb_buffer_destroyEEE15decRefIfNotNullEv]+0x27): undefined reference to `hb_buffer_destroy'
/usr/bin/ld: CMakeFiles/sample_editor_check.dir/workspace/scratch/286141ad5a40/repo-checkout/libs/JUCE/modules/juce_graphics/juce_graphics.cpp.o: in function `juce::HbPtr<hb_font_t, &hb_font_reference, &hb_font_destroy>::incRefIfNotNull()':
juce_graphics.cpp:(.text._ZN4juce5HbPtrI9hb_font_tXadL_Z17hb_font_referenceEEXadL_Z15hb_font_destroyEEE15incRefIfNotNullEv[_ZN4juce5HbPtrI9hb_font_tXadL_Z17hb_font_referenceEEXadL_Z15hb_font_destroyEEE15incRefIfNotNullEv]+0x27): undefined reference to `hb_font_reference'
collect2: error: ld returned 1 exit status
